// Jest Snapshot v1, https://goo.gl/fbAQLP

exports[`[components] - CartProducts should render correctly 1`] = `
Object {
  "asFragment": [Function],
  "baseElement": <body>
    <div>
      <div
        class="CartProducts__Container-sc-7th5t8-0 hwjriB"
        data-cy="cart-products-container"
      >
        <div
          class="CartProduct__Container-sc-11uohgb-0 iFEDVZ"
          data-cy="cart-product-container-8552515751438644"
        >
          <button
            class="CartProduct__DeleteButton-sc-11uohgb-5 fZpMUH"
            data-cy="remove-product-8552515751438644"
            title="remove product from cart"
          />
          <img
            alt="Cropped Stay Groovy off white"
            class="CartProduct__Image-sc-11uohgb-7 dSflEM"
            data-cy="product-image-8552515751438644"
            src="8552515751438644-1-cart.webp"
          />
          <div
            class="CartProduct__Details-sc-11uohgb-1 dWfwVY"
            data-cy="product-details-8552515751438644"
          >
            <p
              class="CartProduct__Title-sc-11uohgb-2 jVsMjn"
            >
              Cropped Stay Groovy off white
            </p>
            <p
              class="CartProduct__Desc-sc-11uohgb-3 bRgwLG"
            >
              S | White T-shirt
               
              <br />
              Quantity: 
              1
            </p>
          </div>
          <div
            class="CartProduct__Price-sc-11uohgb-4 NDRzT"
            data-cy="product-price-8552515751438644"
          >
            <p>
              $  10.90
            </p>
            <div>
              <button
                class="CartProduct__ChangeQuantity-sc-11uohgb-6 JoGgi"
                data-cy="decrease-quantity-8552515751438644"
                disabled=""
              >
                -
              </button>
              <button
                class="CartProduct__ChangeQuantity-sc-11uohgb-6 JoGgi"
                data-cy="increase-quantity-8552515751438644"
              >
                +
              </button>
            </div>
          </div>
        </div>
        <div
          class="CartProduct__Container-sc-11uohgb-0 iFEDVZ"
          data-cy="cart-product-container-39876704341265610"
        >
          <button
            class="CartProduct__DeleteButton-sc-11uohgb-5 fZpMUH"
            data-cy="remove-product-39876704341265610"
            title="remove product from cart"
          />
          <img
            alt="Basic Cactus White T-shirt"
            class="CartProduct__Image-sc-11uohgb-7 dSflEM"
            data-cy="product-image-39876704341265610"
            src="39876704341265610-1-cart.webp"
          />
          <div
            class="CartProduct__Details-sc-11uohgb-1 dWfwVY"
            data-cy="product-details-39876704341265610"
          >
            <p
              class="CartProduct__Title-sc-11uohgb-2 jVsMjn"
            >
              Basic Cactus White T-shirt
            </p>
            <p
              class="CartProduct__Desc-sc-11uohgb-3 bRgwLG"
            >
              X | Wine
               
              <br />
              Quantity: 
              1
            </p>
          </div>
          <div
            class="CartProduct__Price-sc-11uohgb-4 NDRzT"
            data-cy="product-price-39876704341265610"
          >
            <p>
              $  13.25
            </p>
            <div>
              <button
                class="CartProduct__ChangeQuantity-sc-11uohgb-6 JoGgi"
                data-cy="decrease-quantity-39876704341265610"
                disabled=""
              >
                -
              </button>
              <button
                class="CartProduct__ChangeQuantity-sc-11uohgb-6 JoGgi"
                data-cy="increase-quantity-39876704341265610"
              >
                +
              </button>
            </div>
          </div>
        </div>
        <div
          class="CartProduct__Container-sc-11uohgb-0 iFEDVZ"
          data-cy="cart-product-container-9197907543445676"
        >
          <button
            class="CartProduct__DeleteButton-sc-11uohgb-5 fZpMUH"
            data-cy="remove-product-9197907543445676"
            title="remove product from cart"
          />
          <img
            alt="Skater Black Sweatshirt"
            class="CartProduct__Image-sc-11uohgb-7 dSflEM"
            data-cy="product-image-9197907543445676"
            src="9197907543445676-1-cart.webp"
          />
          <div
            class="CartProduct__Details-sc-11uohgb-1 dWfwVY"
            data-cy="product-details-9197907543445676"
          >
            <p
              class="CartProduct__Title-sc-11uohgb-2 jVsMjn"
            >
              Skater Black Sweatshirt
            </p>
            <p
              class="CartProduct__Desc-sc-11uohgb-3 bRgwLG"
            >
              XL | Tony Hawk
               
              <br />
              Quantity: 
              1
            </p>
          </div>
          <div
            class="CartProduct__Price-sc-11uohgb-4 NDRzT"
            data-cy="product-price-9197907543445676"
          >
            <p>
              $  25.90
            </p>
            <div>
              <button
                class="CartProduct__ChangeQuantity-sc-11uohgb-6 JoGgi"
                data-cy="decrease-quantity-9197907543445676"
                disabled=""
              >
                -
              </button>
              <button
                class="CartProduct__ChangeQuantity-sc-11uohgb-6 JoGgi"
                data-cy="increase-quantity-9197907543445676"
              >
                +
              </button>
            </div>
          </div>
        </div>
      </div>
    </div>
  </body>,
  "container": <div>
    <div
      class="CartProducts__Container-sc-7th5t8-0 hwjriB"
      data-cy="cart-products-container"
    >
      <div
        class="CartProduct__Container-sc-11uohgb-0 iFEDVZ"
        data-cy="cart-product-container-8552515751438644"
      >
        <button
          class="CartProduct__DeleteButton-sc-11uohgb-5 fZpMUH"
          data-cy="remove-product-8552515751438644"
          title="remove product from cart"
        />
        <img
          alt="Cropped Stay Groovy off white"
          class="CartProduct__Image-sc-11uohgb-7 dSflEM"
          data-cy="product-image-8552515751438644"
          src="8552515751438644-1-cart.webp"
        />
        <div
          class="CartProduct__Details-sc-11uohgb-1 dWfwVY"
          data-cy="product-details-8552515751438644"
        >
          <p
            class="CartProduct__Title-sc-11uohgb-2 jVsMjn"
          >
            Cropped Stay Groovy off white
          </p>
          <p
            class="CartProduct__Desc-sc-11uohgb-3 bRgwLG"
          >
            S | White T-shirt
             
            <br />
            Quantity: 
            1
          </p>
        </div>
        <div
          class="CartProduct__Price-sc-11uohgb-4 NDRzT"
          data-cy="product-price-8552515751438644"
        >
          <p>
            $  10.90
          </p>
          <div>
            <button
              class="CartProduct__ChangeQuantity-sc-11uohgb-6 JoGgi"
              data-cy="decrease-quantity-8552515751438644"
              disabled=""
            >
              -
            </button>
            <button
              class="CartProduct__ChangeQuantity-sc-11uohgb-6 JoGgi"
              data-cy="increase-quantity-8552515751438644"
            >
              +
            </button>
          </div>
        </div>
      </div>
      <div
        class="CartProduct__Container-sc-11uohgb-0 iFEDVZ"
        data-cy="cart-product-container-39876704341265610"
      >
        <button
          class="CartProduct__DeleteButton-sc-11uohgb-5 fZpMUH"
          data-cy="remove-product-39876704341265610"
          title="remove product from cart"
        />
        <img
          alt="Basic Cactus White T-shirt"
          class="CartProduct__Image-sc-11uohgb-7 dSflEM"
          data-cy="product-image-39876704341265610"
          src="39876704341265610-1-cart.webp"
        />
        <div
          class="CartProduct__Details-sc-11uohgb-1 dWfwVY"
          data-cy="product-details-39876704341265610"
        >
          <p
            class="CartProduct__Title-sc-11uohgb-2 jVsMjn"
          >
            Basic Cactus White T-shirt
          </p>
          <p
            class="CartProduct__Desc-sc-11uohgb-3 bRgwLG"
          >
            X | Wine
             
            <br />
            Quantity: 
            1
          </p>
        </div>
        <div
          class="CartProduct__Price-sc-11uohgb-4 NDRzT"
          data-cy="product-price-39876704341265610"
        >
          <p>
            $  13.25
          </p>
          <div>
            <button
              class="CartProduct__ChangeQuantity-sc-11uohgb-6 JoGgi"
              data-cy="decrease-quantity-39876704341265610"
              disabled=""
            >
              -
            </button>
            <button
              class="CartProduct__ChangeQuantity-sc-11uohgb-6 JoGgi"
              data-cy="increase-quantity-39876704341265610"
            >
              +
            </button>
          </div>
        </div>
      </div>
      <div
        class="CartProduct__Container-sc-11uohgb-0 iFEDVZ"
        data-cy="cart-product-container-9197907543445676"
      >
        <button
          class="CartProduct__DeleteButton-sc-11uohgb-5 fZpMUH"
          data-cy="remove-product-9197907543445676"
          title="remove product from cart"
        />
        <img
          alt="Skater Black Sweatshirt"
          class="CartProduct__Image-sc-11uohgb-7 dSflEM"
          data-cy="product-image-9197907543445676"
          src="9197907543445676-1-cart.webp"
        />
        <div
          class="CartProduct__Details-sc-11uohgb-1 dWfwVY"
          data-cy="product-details-9197907543445676"
        >
          <p
            class="CartProduct__Title-sc-11uohgb-2 jVsMjn"
          >
            Skater Black Sweatshirt
          </p>
          <p
            class="CartProduct__Desc-sc-11uohgb-3 bRgwLG"
          >
            XL | Tony Hawk
             
            <br />
            Quantity: 
            1
          </p>
        </div>
        <div
          class="CartProduct__Price-sc-11uohgb-4 NDRzT"
          data-cy="product-price-9197907543445676"
        >
          <p>
            $  25.90
          </p>
          <div>
            <button
              class="CartProduct__ChangeQuantity-sc-11uohgb-6 JoGgi"
              data-cy="decrease-quantity-9197907543445676"
              disabled=""
            >
              -
            </button>
            <button
              class="CartProduct__ChangeQuantity-sc-11uohgb-6 JoGgi"
              data-cy="increase-quantity-9197907543445676"
            >
              +
            </button>
          </div>
        </div>
      </div>
    </div>
  </div>,
  "debug": [Function],
  "findAllByAltText": [Function],
  "findAllByDisplayValue": [Function],
  "findAllByLabelText": [Function],
  "findAllByPlaceholderText": [Function],
  "findAllByRole": [Function],
  "findAllByTestId": [Function],
  "findAllByText": [Function],
  "findAllByTitle": [Function],
  "findByAltText": [Function],
  "findByDisplayValue": [Function],
  "findByLabelText": [Function],
  "findByPlaceholderText": [Function],
  "findByRole": [Function],
  "findByTestId": [Function],
  "findByText": [Function],
  "findByTitle": [Function],
  "getAllByAltText": [Function],
  "getAllByDisplayValue": [Function],
  "getAllByLabelText": [Function],
  "getAllByPlaceholderText": [Function],
  "getAllByRole": [Function],
  "getAllByTestId": [Function],
  "getAllByText": [Function],
  "getAllByTitle": [Function],
  "getByAltText": [Function],
  "getByDisplayValue": [Function],
  "getByLabelText": [Function],
  "getByPlaceholderText": [Function],
  "getByRole": [Function],
  "getByTestId": [Function],
  "getByText": [Function],
  "getByTitle": [Function],
  "queryAllByAltText": [Function],
  "queryAllByDisplayValue": [Function],
  "queryAllByLabelText": [Function],
  "queryAllByPlaceholderText": [Function],
  "queryAllByRole": [Function],
  "queryAllByTestId": [Function],
  "queryAllByText": [Function],
  "queryAllByTitle": [Function],
  "queryByAltText": [Function],
  "queryByDisplayValue": [Function],
  "queryByLabelText": [Function],
  "queryByPlaceholderText": [Function],
  "queryByRole": [Function],
  "queryByTestId": [Function],
  "queryByText": [Function],
  "queryByTitle": [Function],
  "rerender": [Function],
  "unmount": [Function],
}
`;
